[www.ausliebezumleder.at/index.html]
[backblue.gif]
[fade.gif]
[index.html]
[image.jimcdn.com/app/cms/image/transf/dimension=1920x10000_format=jpg/path/s9c80fa3253488916/image/ia79d205d83dc46c0/version/1731239502/image.jpg]
[u.jimcdn.com/cms/o/s9c80fa3253488916/img/favicon1a59.png]
[assets.jimstatic.com/ckies.js.983b1bca664b38cf05a3.js]
[assets.jimstatic.com/cookieControl.js.7b412b7d4ff2cea89074.js]
[u.jimcdn.com/cms/o/s9c80fa3253488916/layout/dm_bbc731758c241264c5d50f179b7fbe7f/css/layout420d.css]
[assets.jimstatic.com/web.css.816260a6340cec295176cad51e0fc775.css]
[assets.jimstatic.com/web.js.f8e1ed405d1e4a0218fe.js]
[assets.jimstatic.com/at.js.bf1570c95dab431ebee5.js]
[image.jimcdn.com/app/cms/image/transf/dimension=158x10000_format=jpg/path/s9c80fa3253488916/image/ia79d205d83dc46c0/version/1731239502/image.jpg]
[www.ausliebezumleder.at/about/index.html]
[www.ausliebezumleder.at/kontakt/index.html]
[www.ausliebezumleder.at/j/privacy.html]
[www.google-analytics.com/ga.js]
[www.ausliebezumleder.at/index.html]
[u.jimcdn.com/cms/o/s9c80fa3253488916/layout/dm_bbc731758c241264c5d50f179b7fbe7f/css/layout420d.css]
[assets.jimstatic.com/38394ca16133f78363850eb0ebc16c36.eot]
[assets.jimstatic.com/38394ca16133f78363850eb0ebc16c36d41d.eot]
[assets.jimstatic.com/a984717a9f4ef00fa217fc58c3ff86a6.woff]
[assets.jimstatic.com/92d755b23dfbe5bd5ac566c8df9e7827.ttf]
[assets.jimstatic.com/f7b79a3d76e79248879a74cd4fadbb14.svg]
[assets.jimstatic.com/e1ca6e007c91d4ef9ee063940b504870.png]
[assets.jimstatic.com/d32401d55ec237cee50e487c6eefa908.gif]
[assets.jimstatic.com/9e4dc55ad6bdd8b8bafced6241dac621.png]
[assets.jimstatic.com/web.css.816260a6340cec295176cad51e0fc775.css]
[assets.jimstatic.com/b257fa9c5ac8c515ac4d77a667ce2943.svg]
[image.jimcdn.com/app/cms/image/transf/none/path/s9c80fa3253488916/backgroundarea/i85cdf23b8b5b2c02/version/1731397850/image.jpg]
[image.jimcdn.com/app/cms/image/transf/dimension=102x10000_format=jpg/path/s9c80fa3253488916/image/if82bd76e43f82d2e/version/1731257680/image.jpg]
[www.ausliebezumleder.at/kontakt/index.html]
[www.ausliebezumleder.at/about/index.html]
[www.ausliebezumleder.at/j/privacy.html]
[assets.jimstatic.com/f7b79a3d76e79248879a74cd4fadbb14.svg]
[assets.jimstatic.com/b257fa9c5ac8c515ac4d77a667ce2943.svg]
